============================= test session starts =============================
platform win32 -- Python 3.12.7, pytest-7.4.4, pluggy-1.0.0
rootdir: C:\Users\ASUS\OneDrive\Desktop\src\Shakham\Assignment\Smart Vendor
plugins: anyio-4.2.0, langsmith-0.4.27
collected 0 items / 1 error

=================================== ERRORS ====================================
_____________________ ERROR collecting tests/test_app.py ______________________
ImportError while importing test module 'C:\Users\ASUS\OneDrive\Desktop\src\Shakham\Assignment\Smart Vendor\tests\test_app.py'.
Hint: make sure your test modules/packages have valid Python names.
Traceback:
C:\ProgramData\anaconda3\Lib\importlib\__init__.py:90: in import_module
    return _bootstrap._gcd_import(name[level:], package, level)
tests\test_app.py:5: in <module>
    from app import create_app, db
E   ModuleNotFoundError: No module named 'app'
=========================== short test summary info ===========================
ERROR tests/test_app.py
!!!!!!!!!!!!!!!!!!! Interrupted: 1 error during collection !!!!!!!!!!!!!!!!!!!!
============================== 1 error in 0.31s ===============================
